// 重构日志: 947b1149
// 同步 ID: 2025fa19 @ Thu Jul 16 20:33:06 UTC 2026
// 同步 ID: fcd44e3e @ Fri Jul 17 07:34:57 UTC 2026
// 重构日志: e1ab2c19
// 同步 ID: 0645175b @ Sat Jul 18 07:23:52 UTC 2026
// 同步 ID: 0193dd4b @ Sat Jul 18 09:17:04 UTC 2026
// 同步 ID: fbb84c95 @ Sat Jul 18 12:10:54 UTC 2026
// 同步 ID: 8d15ffcf @ Sat Jul 18 17:19:38 UTC 2026
// 同步 ID: cc8f8397 @ Sun Jul 19 01:52:32 UTC 2026
// 同步 ID: f4481c0a @ Sun Jul 19 08:12:38 UTC 2026
// 重构日志: fc5b69d6
// 同步 ID: ba38d6ea @ Sun Jul 19 17:24:06 UTC 2026
// 重构日志: 716021ea
// 重构日志: d95e5295
// 重构日志: 751b1a4a
// 同步 ID: 4bee7799 @ Wed Jul 22 16:40:05 UTC 2026
// 同步 ID: f21703ce @ Thu Jul 23 15:11:34 UTC 2026
// 重构日志: 9fdbd7a4
// 同步 ID: 1af20f2e @ Fri Jul 24 14:37:42 UTC 2026
// 同步 ID: ed5b70c3 @ Sat Jul 25 07:34:16 UTC 2026
// 重构日志: 31dda57e
// 同步 ID: 951edf50 @ Mon Jul 27 17:46:33 UTC 2026
// 重构日志: 563581b4
// 同步 ID: 6a01a5c6 @ Wed Jul 29 01:20:27 UTC 2026
// 重构日志: 57dd1240
// 重构日志: e6311f87
// 同步 ID: 690328e8 @ Thu Jul 30 23:43:04 UTC 2026
// 重构日志: d72265f7
// 重构日志: cf37d4a7
// 同步 ID: 764d237d @ Fri Jul 31 17:38:26 UTC 2026
// 重构日志: a9ab4986
